*.log
*/lib/*
lib/*
*.svn*
*.git*
*.hg*
*.*~
*.s

*build-aux*
*m4*
*autom4te.cache*
*aclocal.m4
*configure
*Makefile.in

*AUTHORS
*ChangeLog
*config.h.in
*COPYING
*INSTALL
*NEWS
*README
*HACKING

*/.DS_Store
*.so
temp/*
tmp/*
build/*
dist/*

*.pyc
*.pyo
*.class

*__pycache__*
.cache/*
*.hypothesis/*
*.jip*/*
*javalib/*
*/.cache/*

# VM templates (packer, qemu, ansible, saltstack)
packer_cache/*
output-vms/*
input-vms/*

#init/**/publish_krls/*
#init/**/publish_crls/*

#init/common/multibootusb/*
init/common/multibootusb/boot/distros/*
init/common/multibootusb/boot/grub/fonts/*
init/common/multibootusb/boot/grub/i386-pc/*
init/common/multibootusb/boot/grub/locale/*
init/common/multibootusb/boot/grub/x86_64-efi/*
init/common/multibootusb/boot/grub/grubenv
init/common/multibootusb/init/*
init/common/multibootusb/scripts/*

#etc/ansible/hosts
etc/ansible/**/*.retry
#etc/ansible/**/vault

#etc/salt/roster
etc/salt/pki/*
var/*
#srv/pillar/*
